<?xml version="1.0" encoding="UTF-8"?>
<Events>
	<Event>
		<date>2009-03-11</date>
		<time>17:55:43</time>
		<c-ip>10.0.0.13</c-ip>
		<status>200</status>
		<method>GET</method>
		<uri-stem>/rss.xml</uri-stem>
		<uri-query></uri-query>
		<host>www.pion.org</host>
		<title>Pion Development Community</title>
		<link>http://www.pion.org</link>
		<description></description>
		<language>en</language>
	</Event>
</Events>
