- unknown 66.249.71.144 [03/Aug/2008:04:05:23 ] "Found(Page = tiki-galleries.php)" 200 3453 "HTTP Version=1.1" "BOT: Google"
- unknown 210.146.46.3 [03/Aug/2008:04:14:49 ] "Found(Page = tikiwiki/tiki-graph_formula.php)" 404 305 "HTTP Version=1.1" ""
- unknown 74.6.22.189 [03/Aug/2008:04:15:03 ] "Found(Page = tiki-usermenu.php)" 200 3013 "HTTP Version=1.0" "BOT: Yahoo slurper"
- unknown 208.80.193.32 [03/Aug/2008:04:16:57 ] "Found(GET / HTTP/1.0)" 302 19 "HTTP Version=1.0" "MSIE"
- unknown 65.98.89.43 [03/Aug/2008:04:19:56 ] "Found(Page = tiki-read_article.php)" 200 19566 "HTTP Version=1.1" ""
- unknown 65.98.89.43 [03/Aug/2008:04:20:00 ] "Found(Page = tikiwiki/tiki-graph_formula.php)" 404 305 "HTTP Version=1.1" ""
BadPerson unknown 66.249.71.146 [03/Aug/2008:04:23:49 ] "Found(Page = tiki-browse_gallery.php)" 200 3217 "HTTP Version=1.1" "BOT: Google"
BadPerson unknown 66.249.71.146 [03/Aug/2008:04:23:50 ] "Found(Page = tiki-browse_gallery.php)" 200 3215 "HTTP Version=1.1" "BOT: Google"
BadPerson unknown 66.249.71.146 [03/Aug/2008:04:23:51 ] "Found(Page = tiki-browse_gallery.php)" 200 3217 "HTTP Version=1.1" "BOT: Google"
BadPerson unknown 66.249.71.146 [03/Aug/2008:04:23:52 ] "Found(Page = tiki-browse_gallery.php)" 200 3218 "HTTP Version=1.1" "BOT: Google"
- unknown 66.249.71.145 [03/Aug/2008:04:23:53 ] "Found(Page = tiki-browse_gallery.php)" 200 3218 "HTTP Version=1.1" "BOT: Google"
BadPerson unknown 66.249.71.146 [03/Aug/2008:04:23:54 ] "Found(Page = tiki-browse_gallery.php)" 200 3215 "HTTP Version=1.1" "BOT: Google"
- unknown 74.6.22.153 [03/Aug/2008:04:30:38 ] "Found(Page = robots.txt)" 200 2190 "HTTP Version=1.0" "BOT: Yahoo slurper"
- unknown 208.111.154.95 [03/Aug/2008:04:38:04 ] "Found(Page = tiki-view_blog.php)" 200 12173 "HTTP Version=1.0" ""
- unknown 213.136.52.113 [03/Aug/2008:04:35:52 ] "Found(Page = tiki-blog_rss.php)" 200 19304 "HTTP Version=1.0" ""
- unknown 74.6.22.153 [03/Aug/2008:04:30:38 ] "Found(Page = tiki-index.php)" 200 4879 "HTTP Version=1.0" "BOT: Yahoo slurper"
